No broken requirements found.
{
  "atom_bank_sha256": "a848e61b929c18decaadd9b633f60f22e524f17a2b1ec24d6c7642dbba764920",
  "atom_determinism_canary_sha256": "62b8dfe0ccd60c5ff91ab6111d4905a1d75f9810e085649299b7a77375e9b193",
  "bank_index": 1,
  "completion_state": "INCOMPLETE_WITHOUT_VERIFIED_COMPLETE_MARKER",
  "cuda_peak_allocated_bytes": 13618028032,
  "diagnostics": {
    "C_d0": {
      "half_rows": 67,
      "minimum_ess_ablated_atoms": 2.5912486157947603,
      "minimum_ess_full_atoms": 1.0779142251472604,
      "minimum_keep_ablated": 0.9947738096946319,
      "minimum_keep_full": 0.9995211232710006,
      "rows": 356
    },
    "C_d1": {
      "half_rows": 0,
      "minimum_ess_ablated_atoms": 5.632753836974242,
      "minimum_ess_full_atoms": 1.083313562036493,
      "minimum_keep_ablated": 0.9972379521153529,
      "minimum_keep_full": 0.9991670120651838,
      "rows": 356
    },
    "C_d2": {
      "half_rows": 0,
      "minimum_ess_ablated_atoms": 4.902426916617218,
      "minimum_ess_full_atoms": 1.1143981022454683,
      "minimum_keep_ablated": 0.9940632308960395,
      "minimum_keep_full": 0.999361273369639,
      "rows": 356
    },
    "N_d0": {
      "half_rows": 67,
      "minimum_ess_ablated_atoms": 2.300597577767233,
      "minimum_ess_full_atoms": 2.3005975777672334,
      "minimum_keep_ablated": 0.9758383414353756,
      "minimum_keep_full": 0.9758383414353755,
      "rows": 356
    },
    "N_d1": {
      "half_rows": 0,
      "minimum_ess_ablated_atoms": 2.962506284509014,
      "minimum_ess_full_atoms": 2.9625062845090278,
      "minimum_keep_ablated": 0.9818095803814846,
      "minimum_keep_full": 0.9818095803814846,
      "rows": 356
    },
    "N_d2": {
      "half_rows": 0,
      "minimum_ess_ablated_atoms": 3.369818889719112,
      "minimum_ess_full_atoms": 3.3698188897191304,
      "minimum_keep_ablated": 0.9800422110050114,
      "minimum_keep_full": 0.9800422110050113,
      "rows": 356
    }
  },
  "git": {
    "commit": "9c6a3732993ea13557279ec8d330b7d1a076e63f",
    "dirty": false,
    "status": []
  },
  "identity": {
    "checkpoint_registry_sha256": "8824f1fdf2a6dc24977402b4426f18a0c037a8c3f900e64aaa0bf80499314194",
    "config_sha256": "eb8da773badabe468b375df93ee89c8a63d477865e79ceb6fdb7bcdbba7e8ffa",
    "git_commit": "9c6a3732993ea13557279ec8d330b7d1a076e63f",
    "qualification_complete_sha256": "dff6b9a4eaf826744911c49cd1d391597e5fead34a74f45bac2d8fe27f83bcdd",
    "qualification_independent_verification_sha256": "b0c7b9cd3a873143bb88ad2e97003424f5fc3a5a35c39524521987ed0e8b12f1",
    "runtime_binary_fingerprint": "44394126ccf9b4d75eec6d1c3d691f0ab34fbbd50c579deed3abdcb06296636a",
    "source_inventory": {
      "PHASE1_ORDERING_CONFIRMATION_AMENDMENT.md": "a0145c4232c826d9caab9e272fd0db0faee6bad7fc693f991df62876662c0f59",
      "PHASE1_ORDERING_CONFIRMATION_FIX1.md": "177445d61a1fb9dfb16fe6f993e9752faf68e3895dc6951837eeb355605014ff",
      "PHASE1_ORDERING_CONFIRMATION_FIX2.md": "5757e28b653ec4c2c0e9c7a8eff3add880fa7cdfaf5235daa23d6efdd94c4445",
      "PHASE1_ORDERING_PREREG.md": "8db4b9d908ce8f1dcdee586574bc3f16b4a78caa986531d3f03574c2781febe7",
      "artifacts/phase1/d4_generator.py": "1aa7652cad924c90f871309f860b9172e836898c5a1620c77fdd3196e70d291d",
      "artifacts/phase1/d4_train_fleet.py": "22c61ee73a6fb1ea2c8f54d24a8597722e33ca7b562ef5b8ee74d42c38d7f897",
      "campaigns/phase1_ordering_20260803/ordering_confirmation_v1_fix1_attempt2_failed/ARTIFACT_SHA256SUMS": "5c893b51a897c14da596057f583d98d298ce051c62a2c54f327a86e5d9720f06",
      "campaigns/phase1_ordering_20260803/ordering_confirmation_v1_fix1_attempt2_failed/TERMINAL_STATUS.json": "4cde294225e1b12d364314b1d1d185c3ba016598336368653092003b4cfb3e09",
      "campaigns/phase1_ordering_20260803/ordering_confirmation_v1_fix1_attempt2_failed/diagnostics/pfn-replay-full-panel-v3-2157aa0.py": "e3b9025b05c9cb98802a9fa4c5c433510614226ca6005ba9caa2346240041517",
      "campaigns/phase1_ordering_20260803/ordering_confirmation_v1_fix1_attempt2_failed/diagnostics/pfn-replay-sweep-runtime-v2-2157aa0.py": "5aac63b5e3f410cf1bf1eeeacf7847a7607493e0d4d41aad3d9b22d8e1a82964",
      "campaigns/phase1_ordering_20260803/ordering_confirmation_v1_fix1_attempt2_failed/slurm/p1-replay-sweep-160038.out": "d4f0ded169899b6cfc7054aeacdb7b05289f85b5220c5158ae102e4c05e3bc47",
      "campaigns/phase1_ordering_20260803/ordering_confirmation_v1_fix1_attempt2_failed/slurm/p1-replay-sweep-160040.out": "d4f0ded169899b6cfc7054aeacdb7b05289f85b5220c5158ae102e4c05e3bc47",
      "campaigns/phase1_ordering_20260803/ordering_confirmation_v1_fix1_attempt2_failed/slurm/p1-replay-sweep-160041.out": "3fe0de767068bf233bb9443aa5b61705f65a849a05f8e7113744daff28d8cf23",
      "cluster/phase1_confirmation.sbatch": "f2e6491f7e2d5181a591b1eb8721cf85ff98858f3b962d24db837803b0fd8536",
      "cluster/submit_phase1_confirmation.py": "4525c1f303fba2090e7ab26d1c951f163c1276664e6b7ea22581088eb6c99aae",
      "cluster/submit_phase1_confirmation.sh": "89500387a14bee13483da7ac11e0ef9e605f8dc91d6cadfe0168599c8d7f2e10",
      "config/phase1_checkpoint_registry.json": "8824f1fdf2a6dc24977402b4426f18a0c037a8c3f900e64aaa0bf80499314194",
      "config/phase1_ordering_confirmation.json": "eb8da773badabe468b375df93ee89c8a63d477865e79ceb6fdb7bcdbba7e8ffa",
      "environment/phase1-washu-binary-inventory.json": "1639a50198879f977d5715d9e6a29c8655a1d4b37c0e8c11af12160f606e60bf",
      "environment/phase1-washu-requirements-lock.txt": "c451620bcd8c88376bb0035519d7b1b3ce4c91437c7e6f9e7cc8c5e351cf00e0",
      "environment/phase1-washu-runtime.json": "7f65b8153deda4002b50665789b2a8523903f52bc8e7c8346668442b69799d4e",
      "src/pfn_dag_verify/phase1_confirm_common.py": "e14006a3e75989c55a36fd4903627c4a4b85e4b57b40a2835c6bc2d71bdde207",
      "src/pfn_dag_verify/phase1_confirmation_verify.py": "2d4fcb8bd953624eaeb0898f95cf36ad3636ece563832e7de47d2b3f55ad86d7",
      "src/pfn_dag_verify/phase1_join.py": "3c84d1db2fc8332dad3d0204e610b0ada55b82bcaa04876054452d07d36ca40e",
      "src/pfn_dag_verify/phase1_oracle_confirm.py": "7337a5cbfd277416820bc1fb223d3f0cf4f6c27d6273eb45b8d9e3cf59b7f60d",
      "src/pfn_dag_verify/phase1_ordering.py": "d298e0b52285a95ae8771eb8f7fecb55501ac0893b70ba4a9ee84a27b7f6f933",
      "src/pfn_dag_verify/phase1_panel.py": "44878d400cf79f0af70f501894f0526c4a27b72733eb9251519ed97396759fcf",
      "src/pfn_dag_verify/phase1_pfn.py": "fb49bbc366580acd5605706cc22da89e04acbdb84a807635f2418dc51a8740c1",
      "src/pfn_dag_verify/storage.py": "18c8cd094c50a71a9f55d85bc49c83fd6d002092a52f50c4849a9a4e5e10ce0c"
    }
  },
  "identity_sha256": "ec282fc468de2f42f01dc11c4b6733a5d926796a5929e96e549f52fcfa9c91b8",
  "leaf_complete_sha256": {
    "C_d0/COMPLETE.json": "cbcd4207cae7b754fe537e7d0929b1dfe597d2d96a565d1013f6fcd8795b4f1b",
    "C_d1/COMPLETE.json": "1a418f5f4cce7a907091c94f156a75d55c49d4b45d9923653d12b981e3713a8b",
    "C_d2/COMPLETE.json": "67cbca2f6b0fc47c46dc30db5dc27837ed1743533a5893e847de9ac28f7c6562",
    "N_d0/COMPLETE.json": "58eabed49008bc39935a2fa2a3056ee593dffdd75c1f187a8442628b37181e34",
    "N_d1/COMPLETE.json": "699703c376cf571ff4b12aafd3f7f54bbc4ec4007d45250dc5f1e5f897e71f43",
    "N_d2/COMPLETE.json": "325b05354de55fe481a546afee3bffb5c97702725745e864df34a198546969c1"
  },
  "rows": 2136,
  "schema_version": 1,
  "selected_truncation": 16384,
  "stage": "phase1_confirmation_oracle_bank",
  "wall_seconds": 3589.4545238018036
}
