No broken requirements found.
{
  "cpu_identity": {
    "cpu family": "6",
    "flags": "3dnowprefetch abm acpi adx aes aperfmperf apic arat arch_capabilities arch_perfmon art avx avx2 avx512_vnni avx512bw avx512cd avx512dq avx512f avx512vl bmi1 bmi2 bts cat_l3 cdp_l3 clflush clflushopt clwb cmov constant_tsc cpuid cpuid_fault cqm cqm_llc cqm_mbm_local cqm_mbm_total cqm_occup_llc cx16 cx8 dca de ds_cpl dtes64 dtherm dts epb ept ept_ad erms est f16c flexpriority flush_l1d fma fpu fsgsbase fxsr ht ibpb ibrs ibrs_enhanced ida intel_ppin intel_pt invpcid lahf_lm lm mba mca mce md_clear mmx monitor movbe mpx msr mtrr nonstop_tsc nopl nx ospke pae pat pbe pcid pclmulqdq pdcm pdpe1gb pebs pge pku pln pni popcnt pse pse36 pts rdrand rdseed rdt_a rdtscp rep_good sdbg sep smap smep smx ss ssbd sse sse2 sse4_1 sse4_2 ssse3 stibp syscall tm tm2 tpr_shadow tsc tsc_adjust tsc_deadline_timer vme vmx vnmi vpid x2apic xgetbv1 xsave xsavec xsaveopt xsaves xtopology xtpr",
    "model": "85",
    "model name": "Intel(R) Xeon(R) Gold 6248R CPU @ 3.00GHz",
    "stepping": "7",
    "vendor_id": "GenuineIntel"
  },
  "cuda_driver": "610.43.02",
  "distributions": {
    "numpy": {
      "payload_bytes": 58628676,
      "payload_files": 1007,
      "payload_tree_sha256": "83b3a70cc730a3cf65305f61f0d254d5f005375173c0bcf1e3925ad2ce1a50a4",
      "record_sha256": "575b98b80475e58efa4f3e598b5bd6dd7811994f9bf6d0c4f04b4aaef3886560",
      "record_size": 123872,
      "version": "2.2.6"
    },
    "torch": {
      "payload_bytes": 1628379303,
      "payload_files": 10666,
      "payload_tree_sha256": "be49a41568c4cb230236c7e0e3f8a232d40e253f3243359c29db3dd8818c1f06",
      "record_sha256": "c0ace0d6c3234abfd8dedf39961b719a3fa198aec4be333bd226a2d1cbf59daa",
      "record_size": 1262185,
      "version": "2.4.0+cu121"
    }
  },
  "gpu_capability": [
    8,
    0
  ],
  "gpu_name": "NVIDIA A100 80GB PCIe",
  "gpu_total_memory": 85119205376,
  "numpy_config": "Build Dependencies:\n  blas:\n    detection method: pkgconfig\n    found: true\n    include directory: /opt/_internal/cpython-3.10.15/lib/python3.10/site-packages/scipy_openblas64/include\n    lib directory: /opt/_internal/cpython-3.10.15/lib/python3.10/site-packages/scipy_openblas64/lib\n    name: scipy-openblas\n    openblas configuration: OpenBLAS 0.3.29  USE64BITINT DYNAMIC_ARCH NO_AFFINITY\n      Haswell MAX_THREADS=64\n    pc file directory: /project/.openblas\n    version: 0.3.29\n  lapack:\n    detection method: pkgconfig\n    found: true\n    include directory: /opt/_internal/cpython-3.10.15/lib/python3.10/site-packages/scipy_openblas64/include\n    lib directory: /opt/_internal/cpython-3.10.15/lib/python3.10/site-packages/scipy_openblas64/lib\n    name: scipy-openblas\n    openblas configuration: OpenBLAS 0.3.29  USE64BITINT DYNAMIC_ARCH NO_AFFINITY\n      Haswell MAX_THREADS=64\n    pc file directory: /project/.openblas\n    version: 0.3.29\nCompilers:\n  c:\n    commands: cc\n    linker: ld.bfd\n    name: gcc\n    version: 10.2.1\n  c++:\n    commands: c++\n    linker: ld.bfd\n    name: gcc\n    version: 10.2.1\n  cython:\n    commands: cython\n    linker: cython\n    name: cython\n    version: 3.1.0\nMachine Information:\n  build:\n    cpu: x86_64\n    endian: little\n    family: x86_64\n    system: linux\n  host:\n    cpu: x86_64\n    endian: little\n    family: x86_64\n    system: linux\nPython Information:\n  path: /tmp/build-env-a8ncef9o/bin/python\n  version: '3.10'\nSIMD Extensions:\n  baseline:\n  - SSE\n  - SSE2\n  - SSE3\n  found:\n  - SSSE3\n  - SSE41\n  - POPCNT\n  - SSE42\n  - AVX\n  - F16C\n  - FMA3\n  - AVX2\n  - AVX512F\n  - AVX512CD\n  - AVX512_SKX\n  - AVX512_CLX\n  not found:\n  - AVX512_KNL\n  - AVX512_KNM\n  - AVX512_CNL\n  - AVX512_ICL\n\n",
  "numpy_runtime": "[{'numpy_version': '2.2.6',\n  'python': '3.10.20 | packaged by conda-forge | (main, Mar  5 2026, 16:42:22) '\n            '[GCC 14.3.0]',\n  'uname': uname_result(system='Linux', node='a100-2207.engr.wustl.edu', release='5.14.0-687.30.1.el9_8.x86_64', version='#1 SMP PREEMPT_DYNAMIC Mon Jul 27 13:09:21 UTC 2026', machine='x86_64')},\n {'simd_extensions': {'baseline': ['SSE', 'SSE2', 'SSE3'],\n                      'found': ['SSSE3',\n                                'SSE41',\n                                'POPCNT',\n                                'SSE42',\n                                'AVX',\n                                'F16C',\n                                'FMA3',\n                                'AVX2',\n                                'AVX512F',\n                                'AVX512CD',\n                                'AVX512_SKX',\n                                'AVX512_CLX'],\n                      'not_found': ['AVX512_KNL',\n                                    'AVX512_KNM',\n                                    'AVX512_CNL',\n                                    'AVX512_ICL']}},\n {'architecture': 'SkylakeX',\n  'filepath': '/engrfs/project/class/zhao.b/conda_envs/tidpo/lib/python3.10/site-packages/numpy.libs/libscipy_openblas64_-56d6093b.so',\n  'internal_api': 'openblas',\n  'num_threads': 1,\n  'prefix': 'libscipy_openblas',\n  'threading_layer': 'pthreads',\n  'user_api': 'blas',\n  'version': '0.3.29'},\n {'filepath': '/engrfs/project/class/zhao.b/conda_envs/tidpo/lib/python3.10/site-packages/torch/lib/libgomp-a34b3233.so.1',\n  'internal_api': 'openmp',\n  'num_threads': 8,\n  'prefix': 'libgomp',\n  'user_api': 'openmp',\n  'version': None}]\n",
  "platform": "Linux-5.14.0-687.30.1.el9_8.x86_64-x86_64-with-glibc2.34",
  "python_executable": {
    "path": "/engrfs/project/class/zhao.b/conda_envs/tidpo/bin/python",
    "resolved_path": "/engrfs/project/class/zhao.b/conda_envs/tidpo/bin/python3.10",
    "sha256": "9abe85e706bc93e7146a6b77b29ed03db8d766e7f3360fd49a859aee6b63b02a",
    "size": 17504824
  },
  "runtime_binary_fingerprint": "44394126ccf9b4d75eec6d1c3d691f0ab34fbbd50c579deed3abdcb06296636a",
  "schema_version": 1,
  "scope": "WashU Phase-1 CUDA calibration runtime",
  "torch_config": "PyTorch built with:\n  - GCC 9.3\n  - C++ Version: 201703\n  - Intel(R) oneAPI Math Kernel Library Version 2022.2-Product Build 20220804 for Intel(R) 64 architecture applications\n  - Intel(R) MKL-DNN v3.4.2 (Git Hash 1137e04ec0b5251ca2b4400a4fd3c667ce843d67)\n  - OpenMP 201511 (a.k.a. OpenMP 4.5)\n  - LAPACK is enabled (usually provided by MKL)\n  - NNPACK is enabled\n  - CPU capability usage: AVX512\n  - CUDA Runtime 12.1\n  - NVCC architecture flags: -gencode;arch=compute_50,code=sm_50;-gencode;arch=compute_60,code=sm_60;-gencode;arch=compute_70,code=sm_70;-gencode;arch=compute_75,code=sm_75;-gencode;arch=compute_80,code=sm_80;-gencode;arch=compute_86,code=sm_86;-gencode;arch=compute_90,code=sm_90\n  - CuDNN 90.1  (built against CUDA 12.4)\n  - Magma 2.6.1\n  - Build settings: BLAS_INFO=mkl, BUILD_TYPE=Release, CUDA_VERSION=12.1, CUDNN_VERSION=9.1.0, CXX_COMPILER=/opt/rh/devtoolset-9/root/usr/bin/c++, CXX_FLAGS= -D_GLIBCXX_USE_CXX11_ABI=0 -fabi-version=11 -fvisibility-inlines-hidden -DUSE_PTHREADPOOL -DNDEBUG -DUSE_KINETO -DLIBKINETO_NOROCTRACER -DUSE_FBGEMM -DUSE_PYTORCH_QNNPACK -DUSE_XNNPACK -DSYMBOLICATE_MOBILE_DEBUG_HANDLE -O2 -fPIC -Wall -Wextra -Werror=return-type -Werror=non-virtual-dtor -Werror=bool-operation -Wnarrowing -Wno-missing-field-initializers -Wno-type-limits -Wno-array-bounds -Wno-unknown-pragmas -Wno-unused-parameter -Wno-unused-function -Wno-unused-result -Wno-strict-overflow -Wno-strict-aliasing -Wno-stringop-overflow -Wsuggest-override -Wno-psabi -Wno-error=pedantic -Wno-error=old-style-cast -Wno-missing-braces -fdiagnostics-color=always -faligned-new -Wno-unused-but-set-variable -Wno-maybe-uninitialized -fno-math-errno -fno-trapping-math -Werror=format -Wno-stringop-overflow, LAPACK_INFO=mkl, PERF_WITH_AVX=1, PERF_WITH_AVX2=1, PERF_WITH_AVX512=1, TORCH_VERSION=2.4.0, USE_CUDA=ON, USE_CUDNN=ON, USE_CUSPARSELT=1, USE_EXCEPTION_PTR=1, USE_GFLAGS=OFF, USE_GLOG=OFF, USE_GLOO=ON, USE_MKL=ON, USE_MKLDNN=ON, USE_MPI=OFF, USE_NCCL=1, USE_NNPACK=ON, USE_OPENMP=ON, USE_ROCM=OFF, USE_ROCM_KERNEL_ASSERT=OFF, \n"
}
