No broken requirements found.
{
  "atom_bank": {
    "count": 3000000,
    "determinism_canary": {
      "count": 4096,
      "dtype": "<f8",
      "seed": 881103999,
      "sha256": "62b8dfe0ccd60c5ff91ab6111d4905a1d75f9810e085649299b7a77375e9b193",
      "shape": [
        4096,
        4,
        4
      ]
    },
    "dtype": "<f8",
    "schema_version": 1,
    "seed": 881003102,
    "sha256": "a848e61b929c18decaadd9b633f60f22e524f17a2b1ec24d6c7642dbba764920",
    "shape": [
      3000000,
      4,
      4
    ]
  },
  "atom_build_seconds": 227.23322415351868,
  "atom_count": 3000000,
  "atom_seed": 881003102,
  "attempt_identity_sha256": "d749be2ca0d31a4eda27b0823ed75f4ff35227ef6f12805ccb31a7b7f26e625b",
  "calibration_seed_namespace": "phase1-ordering-cross-bank-qualification-v3-bank1",
  "calibration_stream_seeds": {
    "C": 880943001,
    "N": 880953001
  },
  "candidate_results": [
    {
      "compared_with": 32768,
      "pass_all_priors": true,
      "priors": {
        "C": {
          "ablated": {
            "borderline": false,
            "median_abs_logp_change": 9.730285990605658e-06,
            "median_js": 1.4825560970716123e-10,
            "p95_abs_logp_change": 0.0003573042278227181,
            "p95_js": 6.320319348909518e-08,
            "pass": true
          },
          "full": {
            "borderline": false,
            "median_abs_logp_change": 7.285009190338698e-07,
            "median_js": 4.795622642890795e-13,
            "p95_abs_logp_change": 0.00018557416035921357,
            "p95_js": 6.862512506094659e-09,
            "pass": true
          },
          "pass": true
        },
        "N": {
          "ablated": {
            "borderline": false,
            "median_abs_logp_change": 0.00016349722917619047,
            "median_js": 3.6269133172853085e-08,
            "p95_abs_logp_change": 0.005000043885863146,
            "p95_js": 5.810461828818623e-06,
            "pass": true
          },
          "full": {
            "borderline": false,
            "median_abs_logp_change": 0.00016349722917841092,
            "median_js": 3.626913322243799e-08,
            "p95_abs_logp_change": 0.00500004388586319,
            "p95_js": 5.810461828879171e-06,
            "pass": true
          },
          "pass": true
        }
      },
      "truncation": 8192
    },
    {
      "compared_with": 32768,
      "pass_all_priors": true,
      "priors": {
        "C": {
          "ablated": {
            "borderline": false,
            "median_abs_logp_change": 6.043852717185771e-07,
            "median_js": 6.864012854838591e-13,
            "p95_abs_logp_change": 6.739408386597899e-05,
            "p95_js": 1.817881079884523e-09,
            "pass": true
          },
          "full": {
            "borderline": false,
            "median_abs_logp_change": 3.5770692519143665e-08,
            "median_js": 9.561201471537518e-16,
            "p95_abs_logp_change": 1.9702658676023682e-05,
            "p95_js": 9.088373534586025e-11,
            "pass": true
          },
          "pass": true
        },
        "N": {
          "ablated": {
            "borderline": false,
            "median_abs_logp_change": 1.943924791603102e-05,
            "median_js": 3.812879986406034e-10,
            "p95_abs_logp_change": 0.0010445935766668615,
            "p95_js": 2.504882461382054e-07,
            "pass": true
          },
          "full": {
            "borderline": false,
            "median_abs_logp_change": 1.9439247912700353e-05,
            "median_js": 3.812879803864511e-10,
            "p95_abs_logp_change": 0.0010445935766646853,
            "p95_js": 2.504882460464207e-07,
            "pass": true
          },
          "pass": true
        }
      },
      "truncation": 16384
    }
  ],
  "completion_state": "INCOMPLETE_WITHOUT_VERIFIED_COMPLETE_MARKER",
  "config_name": "phase1_ordering_qualification_v3_bank1.json",
  "config_sha256": "e4d6781ce0c50be8a839533ab8136f0309ae32f97283b3668ce5083ed967866c",
  "cuda_peak_allocated_bytes": 14390674944,
  "decision": "CALIBRATION_PASS",
  "device": "cuda",
  "diagnostics": {
    "C": {
      "mean_keep_ablated_by_level": [
        0.9992810105930836,
        0.9998752481591071,
        0.9999862095320665
      ],
      "mean_keep_full_by_level": [
        0.999850534635357,
        0.9999815194606605,
        0.999998692744842
      ],
      "median_ess_ablated_atoms": 127.65114186662288,
      "median_ess_full_atoms": 17.96525719759733
    },
    "N": {
      "mean_keep_ablated_by_level": [
        0.9932542073027035,
        0.9984475908945084,
        0.9997682429411171
      ],
      "mean_keep_full_by_level": [
        0.9932542073027035,
        0.9984475908945083,
        0.9997682429411171
      ],
      "median_ess_ablated_atoms": 154.2404363486969,
      "median_ess_full_atoms": 154.2404363486969
    }
  },
  "environment": {
    "cublas_workspace_config": ":4096:8",
    "cuda": "12.1",
    "cudnn": 90100,
    "deterministic_algorithms": true,
    "environment_contract_name": "phase1-washu-runtime.json",
    "environment_contract_sha256": "7f65b8153deda4002b50665789b2a8523903f52bc8e7c8346668442b69799d4e",
    "execution_contract": {
      "cublas_workspace_config": ":4096:8",
      "cuda_matmul_allow_tf32": false,
      "cudnn_allow_tf32": false,
      "deterministic_algorithms": true,
      "device_request": "cuda",
      "float32_matmul_precision": "highest",
      "gpu_capability": [
        8,
        0
      ],
      "gpu_name": "NVIDIA A100 80GB PCIe",
      "mkl_num_threads": "8",
      "omp_num_threads": "8",
      "openblas_num_threads": "1",
      "pythonhashseed": "0",
      "runtime_binary_fingerprint": "44394126ccf9b4d75eec6d1c3d691f0ab34fbbd50c579deed3abdcb06296636a"
    },
    "gpu": "NVIDIA A100 80GB PCIe",
    "installed_distributions": {
      "GitPython": "3.1.50",
      "Jinja2": "3.1.6",
      "Markdown": "3.10.2",
      "MarkupSafe": "3.0.3",
      "PyYAML": "6.0.3",
      "Werkzeug": "3.1.8",
      "absl-py": "2.4.0",
      "accelerate": "1.13.0",
      "aiohappyeyeballs": "2.6.2",
      "aiohttp": "3.14.0",
      "aiosignal": "1.4.0",
      "annotated-types": "0.7.0",
      "antlr4-python3-runtime": "4.9.3",
      "async-timeout": "5.0.1",
      "attrs": "26.1.0",
      "beautifulsoup4": "4.14.3",
      "certifi": "2026.5.20",
      "charset-normalizer": "3.4.7",
      "click": "8.4.1",
      "datasets": "2.20.0",
      "dill": "0.3.8",
      "filelock": "3.29.0",
      "frozenlist": "1.8.0",
      "fsspec": "2024.5.0",
      "gitdb": "4.0.12",
      "grpcio": "1.81.0",
      "hf-xet": "1.5.0",
      "huggingface_hub": "0.36.2",
      "hydra-core": "1.3.2",
      "idna": "3.18",
      "joblib": "1.5.3",
      "mpmath": "1.3.0",
      "multidict": "6.7.1",
      "multiprocess": "0.70.16",
      "networkx": "3.4.2",
      "numpy": "2.2.6",
      "nvidia-cublas-cu12": "12.1.3.1",
      "nvidia-cuda-cupti-cu12": "12.1.105",
      "nvidia-cuda-nvrtc-cu12": "12.1.105",
      "nvidia-cuda-runtime-cu12": "12.1.105",
      "nvidia-cudnn-cu12": "9.1.0.70",
      "nvidia-cufft-cu12": "11.0.2.54",
      "nvidia-curand-cu12": "10.3.2.106",
      "nvidia-cusolver-cu12": "11.4.5.107",
      "nvidia-cusparse-cu12": "12.1.0.106",
      "nvidia-nccl-cu12": "2.20.5",
      "nvidia-nvjitlink-cu12": "12.9.86",
      "nvidia-nvtx-cu12": "12.1.105",
      "omegaconf": "2.3.0",
      "packaging": "26.2",
      "pandas": "2.3.3",
      "pillow": "12.2.0",
      "pip": "26.1.2",
      "platformdirs": "4.10.0",
      "propcache": "0.5.2",
      "protobuf": "7.35.0",
      "psutil": "7.2.2",
      "pyarrow": "24.0.0",
      "pyarrow-hotfix": "0.7",
      "pydantic": "2.13.4",
      "pydantic_core": "2.46.4",
      "python-dateutil": "2.9.0.post0",
      "pytz": "2026.2",
      "regex": "2026.5.9",
      "requests": "2.34.2",
      "safetensors": "0.7.0",
      "scikit-learn": "1.7.2",
      "scipy": "1.15.3",
      "sentencepiece": "0.2.1",
      "sentry-sdk": "2.61.1",
      "setuptools": "82.0.1",
      "six": "1.17.0",
      "smmap": "5.0.3",
      "soupsieve": "2.8.4",
      "sympy": "1.14.0",
      "tensor-parallel": "2.0.0",
      "tensorboard": "2.20.0",
      "tensorboard-data-server": "0.7.2",
      "threadpoolctl": "3.6.0",
      "tokenizers": "0.19.1",
      "torch": "2.4.0+cu121",
      "tqdm": "4.68.1",
      "transformers": "4.44.0",
      "triton": "3.0.0",
      "typing-inspection": "0.4.2",
      "typing_extensions": "4.15.0",
      "tzdata": "2026.2",
      "urllib3": "2.7.0",
      "wandb": "0.27.2",
      "wheel": "0.47.0",
      "xxhash": "3.7.0",
      "yarl": "1.24.2"
    },
    "mkl_num_threads": "8",
    "numpy": "2.2.6",
    "omp_num_threads": "8",
    "platform": "Linux-5.14.0-687.30.1.el9_8.x86_64-x86_64-with-glibc2.34",
    "python": "3.10.20 | packaged by conda-forge | (main, Mar  5 2026, 16:42:22) [GCC 14.3.0]",
    "python_executable": "/engrfs/project/class/zhao.b/conda_envs/tidpo/bin/python",
    "runtime_binary_fingerprint": "44394126ccf9b4d75eec6d1c3d691f0ab34fbbd50c579deed3abdcb06296636a",
    "torch": "2.4.0+cu121",
    "torch_config": "PyTorch built with:\n  - GCC 9.3\n  - C++ Version: 201703\n  - Intel(R) oneAPI Math Kernel Library Version 2022.2-Product Build 20220804 for Intel(R) 64 architecture applications\n  - Intel(R) MKL-DNN v3.4.2 (Git Hash 1137e04ec0b5251ca2b4400a4fd3c667ce843d67)\n  - OpenMP 201511 (a.k.a. OpenMP 4.5)\n  - LAPACK is enabled (usually provided by MKL)\n  - NNPACK is enabled\n  - CPU capability usage: AVX512\n  - CUDA Runtime 12.1\n  - NVCC architecture flags: -gencode;arch=compute_50,code=sm_50;-gencode;arch=compute_60,code=sm_60;-gencode;arch=compute_70,code=sm_70;-gencode;arch=compute_75,code=sm_75;-gencode;arch=compute_80,code=sm_80;-gencode;arch=compute_86,code=sm_86;-gencode;arch=compute_90,code=sm_90\n  - CuDNN 90.1  (built against CUDA 12.4)\n  - Magma 2.6.1\n  - Build settings: BLAS_INFO=mkl, BUILD_TYPE=Release, CUDA_VERSION=12.1, CUDNN_VERSION=9.1.0, CXX_COMPILER=/opt/rh/devtoolset-9/root/usr/bin/c++, CXX_FLAGS= -D_GLIBCXX_USE_CXX11_ABI=0 -fabi-version=11 -fvisibility-inlines-hidden -DUSE_PTHREADPOOL -DNDEBUG -DUSE_KINETO -DLIBKINETO_NOROCTRACER -DUSE_FBGEMM -DUSE_PYTORCH_QNNPACK -DUSE_XNNPACK -DSYMBOLICATE_MOBILE_DEBUG_HANDLE -O2 -fPIC -Wall -Wextra -Werror=return-type -Werror=non-virtual-dtor -Werror=bool-operation -Wnarrowing -Wno-missing-field-initializers -Wno-type-limits -Wno-array-bounds -Wno-unknown-pragmas -Wno-unused-parameter -Wno-unused-function -Wno-unused-result -Wno-strict-overflow -Wno-strict-aliasing -Wno-stringop-overflow -Wsuggest-override -Wno-psabi -Wno-error=pedantic -Wno-error=old-style-cast -Wno-missing-braces -fdiagnostics-color=always -faligned-new -Wno-unused-but-set-variable -Wno-maybe-uninitialized -fno-math-errno -fno-trapping-math -Werror=format -Wno-stringop-overflow, LAPACK_INFO=mkl, PERF_WITH_AVX=1, PERF_WITH_AVX2=1, PERF_WITH_AVX512=1, TORCH_VERSION=2.4.0, USE_CUDA=ON, USE_CUDNN=ON, USE_CUSPARSELT=1, USE_EXCEPTION_PTR=1, USE_GFLAGS=OFF, USE_GLOG=OFF, USE_GLOO=ON, USE_MKL=ON, USE_MKLDNN=ON, USE_MPI=OFF, USE_NCCL=1, USE_NNPACK=ON, USE_OPENMP=ON, USE_ROCM=OFF, USE_ROCM_KERNEL_ASSERT=OFF, \n"
  },
  "fleet_name": "d4_generator.py",
  "fleet_sha256": "1aa7652cad924c90f871309f860b9172e836898c5a1620c77fdd3196e70d291d",
  "git": {
    "commit": "fc0b8eb48c75f7c0d1dc208b1d344d663b16baf3",
    "dirty": false,
    "status": []
  },
  "memory_preflight": {
    "device_total_bytes": 85119205376,
    "estimated_fraction": 0.1789480885860661,
    "estimated_peak_bytes": 15231919104
  },
  "oracle_build_seconds": 77.27587366104126,
  "oracle_internal_dtype": "float64",
  "prior_index_to_name": {
    "0": "C",
    "1": "N"
  },
  "quadrature_qualification": {
    "limits": {
      "js_max": 1e-07,
      "max_bin_abs_logp_change_max": 0.0005,
      "max_bin_abs_ordering_value_change_max": 0.0005,
      "reference_probability_floor": 1e-08,
      "reference_weighted_abs_logp_change_max": 0.0001
    },
    "pass": true,
    "priors": {
      "C": {
        "max_bin_abs_ordering_value_change": 9.741423630793555e-05,
        "ordering_value_pass": true,
        "pass": true,
        "predictors": {
          "ablated": {
            "max_bin_abs_logp_change": 3.624530598944631e-05,
            "max_js": 2.5338385456831943e-11,
            "max_reference_weighted_abs_logp_change": 1.2106262234437777e-05,
            "pass": true
          },
          "full": {
            "max_bin_abs_logp_change": 0.00011217528457363457,
            "max_js": 4.4326671504814306e-10,
            "max_reference_weighted_abs_logp_change": 5.043535836364537e-05,
            "pass": true
          }
        }
      },
      "N": {
        "max_bin_abs_ordering_value_change": 1.2434497875801753e-14,
        "ordering_value_pass": true,
        "pass": true,
        "predictors": {
          "ablated": {
            "max_bin_abs_logp_change": 1.0658141036401503e-14,
            "max_js": 9.1813747487836e-17,
            "max_reference_weighted_abs_logp_change": 5.834957516090789e-16,
            "pass": true
          },
          "full": {
            "max_bin_abs_logp_change": 1.0658141036401503e-14,
            "max_js": 1.3196597588625055e-16,
            "max_reference_weighted_abs_logp_change": 3.3952898716318716e-15,
            "pass": true
          }
        }
      }
    },
    "production_grid": {
      "interior_nodes": 32,
      "tail_nodes": 128
    },
    "reference_grid": {
      "interior_nodes": 64,
      "tail_nodes": 256
    }
  },
  "raw_name": "calibration_raw.npz",
  "raw_sha256": "961d0b03c7618bbb06d2b71a0a4e5f81747d27b8a05ab47621e37239608265af",
  "reserved_confirmatory_seeds": [
    881003000,
    881003001,
    881003002,
    881013000,
    881013001,
    881013002
  ],
  "schema_version": 1,
  "scientific_endpoints_computed": false,
  "selected_truncation": 8192,
  "source_inventory": {
    "/engrfs/project/class/zhao.b/LDM_interpretation_phase1_qv3_fc0b8eb/PHASE1_ORDERING_PREREG.md": "ad72aab76ef12d0ac8e6a4cd738b162bb9d9898cfd118e206b611c1bd033b1ef",
    "/engrfs/project/class/zhao.b/LDM_interpretation_phase1_qv3_fc0b8eb/PHASE1_ORDERING_QUALIFICATION_V3_PREREG.md": "3db5b21de35794e24570b6b55c75092dec1f97db89d51d31148f4ccf04d9e30e",
    "/engrfs/project/class/zhao.b/LDM_interpretation_phase1_qv3_fc0b8eb/artifacts/phase1/d4_generator.py": "1aa7652cad924c90f871309f860b9172e836898c5a1620c77fdd3196e70d291d",
    "/engrfs/project/class/zhao.b/LDM_interpretation_phase1_qv3_fc0b8eb/cluster/phase1_calibration.sbatch": "ab7d5f5d7b324022f6992d3452df4aefadd3a30de48e761aa9963a7365f7aec8",
    "/engrfs/project/class/zhao.b/LDM_interpretation_phase1_qv3_fc0b8eb/config/phase1_ordering_qualification_v3_bank1.json": "e4d6781ce0c50be8a839533ab8136f0309ae32f97283b3668ce5083ed967866c",
    "/engrfs/project/class/zhao.b/LDM_interpretation_phase1_qv3_fc0b8eb/environment/phase1-washu-binary-inventory.json": "1639a50198879f977d5715d9e6a29c8655a1d4b37c0e8c11af12160f606e60bf",
    "/engrfs/project/class/zhao.b/LDM_interpretation_phase1_qv3_fc0b8eb/environment/phase1-washu-requirements-lock.txt": "c451620bcd8c88376bb0035519d7b1b3ce4c91437c7e6f9e7cc8c5e351cf00e0",
    "/engrfs/project/class/zhao.b/LDM_interpretation_phase1_qv3_fc0b8eb/environment/phase1-washu-runtime.json": "7f65b8153deda4002b50665789b2a8523903f52bc8e7c8346668442b69799d4e",
    "/engrfs/project/class/zhao.b/LDM_interpretation_phase1_qv3_fc0b8eb/src/pfn_dag_verify/phase1_ordering.py": "d298e0b52285a95ae8771eb8f7fecb55501ac0893b70ba4a9ee84a27b7f6f933",
    "/engrfs/project/class/zhao.b/LDM_interpretation_phase1_qv3_fc0b8eb/src/pfn_dag_verify/storage.py": "18c8cd094c50a71a9f55d85bc49c83fd6d002092a52f50c4849a9a4e5e10ce0c"
  },
  "stage": "phase1_ordering_cross_bank_qualification_v3",
  "truncation_levels": [
    8192,
    16384,
    32768
  ],
  "wall_seconds": 2997.0984077453613
}
