No broken requirements found.
{
  "atom_bank": {
    "count": 3000000,
    "determinism_canary": {
      "count": 4096,
      "dtype": "<f8",
      "seed": 881103999,
      "sha256": "62b8dfe0ccd60c5ff91ab6111d4905a1d75f9810e085649299b7a77375e9b193",
      "shape": [
        4096,
        4,
        4
      ]
    },
    "dtype": "<f8",
    "schema_version": 1,
    "seed": 881003102,
    "sha256": "a848e61b929c18decaadd9b633f60f22e524f17a2b1ec24d6c7642dbba764920",
    "shape": [
      3000000,
      4,
      4
    ]
  },
  "atom_build_seconds": 227.78572297096252,
  "atom_count": 3000000,
  "atom_seed": 881003102,
  "attempt_identity_sha256": "57117b6dba87a081f2436b504fda79e6fc379be7a74c8f8d06b33e3a282ec2b9",
  "calibration_seed_namespace": "phase1-ordering-cross-bank-qualification-v1-bank1",
  "calibration_stream_seeds": {
    "C": 880903001,
    "N": 880913001
  },
  "candidate_results": [
    {
      "compared_with": 32768,
      "pass_all_priors": true,
      "priors": {
        "C": {
          "ablated": {
            "borderline": false,
            "median_abs_logp_change": 1.356543604646987e-05,
            "median_js": 1.0835763850340792e-10,
            "p95_abs_logp_change": 0.0011309279747434965,
            "p95_js": 3.7824149442031384e-07,
            "pass": true
          },
          "full": {
            "borderline": false,
            "median_abs_logp_change": 5.769975244263037e-07,
            "median_js": 5.824482516571089e-13,
            "p95_abs_logp_change": 0.0001909167480769189,
            "p95_js": 1.3709360187474932e-08,
            "pass": true
          },
          "pass": true
        },
        "N": {
          "ablated": {
            "borderline": false,
            "median_abs_logp_change": 0.00019237699749408144,
            "median_js": 3.437902212807713e-08,
            "p95_abs_logp_change": 0.0035057472642316713,
            "p95_js": 3.093510089684959e-06,
            "pass": true
          },
          "full": {
            "borderline": false,
            "median_abs_logp_change": 0.0001923769974914169,
            "median_js": 3.437902222816572e-08,
            "p95_abs_logp_change": 0.0035057472642331367,
            "p95_js": 3.093510089693959e-06,
            "pass": true
          },
          "pass": true
        }
      },
      "truncation": 8192
    },
    {
      "compared_with": 32768,
      "pass_all_priors": true,
      "priors": {
        "C": {
          "ablated": {
            "borderline": false,
            "median_abs_logp_change": 9.835848981953887e-07,
            "median_js": 8.092974403904287e-13,
            "p95_abs_logp_change": 0.00016156700481151153,
            "p95_js": 1.0235992248564062e-08,
            "pass": true
          },
          "full": {
            "borderline": false,
            "median_abs_logp_change": 2.8125010986812526e-08,
            "median_js": 1.0094967266061833e-15,
            "p95_abs_logp_change": 2.4968543777226232e-05,
            "p95_js": 3.0243660767902176e-10,
            "pass": true
          },
          "pass": true
        },
        "N": {
          "ablated": {
            "borderline": false,
            "median_abs_logp_change": 2.6835780596368153e-05,
            "median_js": 6.59304519002862e-10,
            "p95_abs_logp_change": 0.0006986009907978811,
            "p95_js": 3.022844295541094e-07,
            "pass": true
          },
          "full": {
            "borderline": false,
            "median_abs_logp_change": 2.683578060147518e-05,
            "median_js": 6.59304498350369e-10,
            "p95_abs_logp_change": 0.0006986009908020999,
            "p95_js": 3.0228442963306216e-07,
            "pass": true
          },
          "pass": true
        }
      },
      "truncation": 16384
    }
  ],
  "completion_state": "INCOMPLETE_WITHOUT_VERIFIED_COMPLETE_MARKER",
  "config_name": "phase1_ordering_qualification_bank1.json",
  "config_sha256": "4e9d47a9a29551a4fe9fe842df6eee48b4c0278650703fe6784fc4f84fd99662",
  "cuda_peak_allocated_bytes": 7595706880,
  "decision": "CALIBRATION_PASS",
  "device": "cuda",
  "diagnostics": {
    "C": {
      "mean_keep_ablated_by_level": [
        0.9990535473291257,
        0.9998251840003969,
        0.999980466312864
      ],
      "mean_keep_full_by_level": [
        0.9998068147564299,
        0.9999748525044965,
        0.9999983377351975
      ],
      "median_ess_ablated_atoms": 117.03360886004378,
      "median_ess_full_atoms": 18.801421483035035
    },
    "N": {
      "mean_keep_ablated_by_level": [
        0.9932041337775763,
        0.9985308898092841,
        0.9998110984424372
      ],
      "mean_keep_full_by_level": [
        0.9932041337775764,
        0.9985308898092841,
        0.9998110984424372
      ],
      "median_ess_ablated_atoms": 146.4693783620109,
      "median_ess_full_atoms": 146.46937836200948
    }
  },
  "environment": {
    "cublas_workspace_config": ":4096:8",
    "cuda": "12.1",
    "cudnn": 90100,
    "deterministic_algorithms": true,
    "environment_contract_name": "phase1-washu-runtime.json",
    "environment_contract_sha256": "7f65b8153deda4002b50665789b2a8523903f52bc8e7c8346668442b69799d4e",
    "execution_contract": {
      "cublas_workspace_config": ":4096:8",
      "cuda_matmul_allow_tf32": false,
      "cudnn_allow_tf32": false,
      "deterministic_algorithms": true,
      "device_request": "cuda",
      "float32_matmul_precision": "highest",
      "gpu_capability": [
        8,
        0
      ],
      "gpu_name": "NVIDIA A100 80GB PCIe",
      "mkl_num_threads": "8",
      "omp_num_threads": "8",
      "openblas_num_threads": "1",
      "pythonhashseed": "0",
      "runtime_binary_fingerprint": "44394126ccf9b4d75eec6d1c3d691f0ab34fbbd50c579deed3abdcb06296636a"
    },
    "gpu": "NVIDIA A100 80GB PCIe",
    "installed_distributions": {
      "GitPython": "3.1.50",
      "Jinja2": "3.1.6",
      "Markdown": "3.10.2",
      "MarkupSafe": "3.0.3",
      "PyYAML": "6.0.3",
      "Werkzeug": "3.1.8",
      "absl-py": "2.4.0",
      "accelerate": "1.13.0",
      "aiohappyeyeballs": "2.6.2",
      "aiohttp": "3.14.0",
      "aiosignal": "1.4.0",
      "annotated-types": "0.7.0",
      "antlr4-python3-runtime": "4.9.3",
      "async-timeout": "5.0.1",
      "attrs": "26.1.0",
      "beautifulsoup4": "4.14.3",
      "certifi": "2026.5.20",
      "charset-normalizer": "3.4.7",
      "click": "8.4.1",
      "datasets": "2.20.0",
      "dill": "0.3.8",
      "filelock": "3.29.0",
      "frozenlist": "1.8.0",
      "fsspec": "2024.5.0",
      "gitdb": "4.0.12",
      "grpcio": "1.81.0",
      "hf-xet": "1.5.0",
      "huggingface_hub": "0.36.2",
      "hydra-core": "1.3.2",
      "idna": "3.18",
      "joblib": "1.5.3",
      "mpmath": "1.3.0",
      "multidict": "6.7.1",
      "multiprocess": "0.70.16",
      "networkx": "3.4.2",
      "numpy": "2.2.6",
      "nvidia-cublas-cu12": "12.1.3.1",
      "nvidia-cuda-cupti-cu12": "12.1.105",
      "nvidia-cuda-nvrtc-cu12": "12.1.105",
      "nvidia-cuda-runtime-cu12": "12.1.105",
      "nvidia-cudnn-cu12": "9.1.0.70",
      "nvidia-cufft-cu12": "11.0.2.54",
      "nvidia-curand-cu12": "10.3.2.106",
      "nvidia-cusolver-cu12": "11.4.5.107",
      "nvidia-cusparse-cu12": "12.1.0.106",
      "nvidia-nccl-cu12": "2.20.5",
      "nvidia-nvjitlink-cu12": "12.9.86",
      "nvidia-nvtx-cu12": "12.1.105",
      "omegaconf": "2.3.0",
      "packaging": "26.2",
      "pandas": "2.3.3",
      "pillow": "12.2.0",
      "pip": "26.1.2",
      "platformdirs": "4.10.0",
      "propcache": "0.5.2",
      "protobuf": "7.35.0",
      "psutil": "7.2.2",
      "pyarrow": "24.0.0",
      "pyarrow-hotfix": "0.7",
      "pydantic": "2.13.4",
      "pydantic_core": "2.46.4",
      "python-dateutil": "2.9.0.post0",
      "pytz": "2026.2",
      "regex": "2026.5.9",
      "requests": "2.34.2",
      "safetensors": "0.7.0",
      "scikit-learn": "1.7.2",
      "scipy": "1.15.3",
      "sentencepiece": "0.2.1",
      "sentry-sdk": "2.61.1",
      "setuptools": "82.0.1",
      "six": "1.17.0",
      "smmap": "5.0.3",
      "soupsieve": "2.8.4",
      "sympy": "1.14.0",
      "tensor-parallel": "2.0.0",
      "tensorboard": "2.20.0",
      "tensorboard-data-server": "0.7.2",
      "threadpoolctl": "3.6.0",
      "tokenizers": "0.19.1",
      "torch": "2.4.0+cu121",
      "tqdm": "4.68.1",
      "transformers": "4.44.0",
      "triton": "3.0.0",
      "typing-inspection": "0.4.2",
      "typing_extensions": "4.15.0",
      "tzdata": "2026.2",
      "urllib3": "2.7.0",
      "wandb": "0.27.2",
      "wheel": "0.47.0",
      "xxhash": "3.7.0",
      "yarl": "1.24.2"
    },
    "mkl_num_threads": "8",
    "numpy": "2.2.6",
    "omp_num_threads": "8",
    "platform": "Linux-5.14.0-687.30.1.el9_8.x86_64-x86_64-with-glibc2.34",
    "python": "3.10.20 | packaged by conda-forge | (main, Mar  5 2026, 16:42:22) [GCC 14.3.0]",
    "python_executable": "/engrfs/project/class/zhao.b/conda_envs/tidpo/bin/python",
    "runtime_binary_fingerprint": "44394126ccf9b4d75eec6d1c3d691f0ab34fbbd50c579deed3abdcb06296636a",
    "torch": "2.4.0+cu121",
    "torch_config": "PyTorch built with:\n  - GCC 9.3\n  - C++ Version: 201703\n  - Intel(R) oneAPI Math Kernel Library Version 2022.2-Product Build 20220804 for Intel(R) 64 architecture applications\n  - Intel(R) MKL-DNN v3.4.2 (Git Hash 1137e04ec0b5251ca2b4400a4fd3c667ce843d67)\n  - OpenMP 201511 (a.k.a. OpenMP 4.5)\n  - LAPACK is enabled (usually provided by MKL)\n  - NNPACK is enabled\n  - CPU capability usage: AVX512\n  - CUDA Runtime 12.1\n  - NVCC architecture flags: -gencode;arch=compute_50,code=sm_50;-gencode;arch=compute_60,code=sm_60;-gencode;arch=compute_70,code=sm_70;-gencode;arch=compute_75,code=sm_75;-gencode;arch=compute_80,code=sm_80;-gencode;arch=compute_86,code=sm_86;-gencode;arch=compute_90,code=sm_90\n  - CuDNN 90.1  (built against CUDA 12.4)\n  - Magma 2.6.1\n  - Build settings: BLAS_INFO=mkl, BUILD_TYPE=Release, CUDA_VERSION=12.1, CUDNN_VERSION=9.1.0, CXX_COMPILER=/opt/rh/devtoolset-9/root/usr/bin/c++, CXX_FLAGS= -D_GLIBCXX_USE_CXX11_ABI=0 -fabi-version=11 -fvisibility-inlines-hidden -DUSE_PTHREADPOOL -DNDEBUG -DUSE_KINETO -DLIBKINETO_NOROCTRACER -DUSE_FBGEMM -DUSE_PYTORCH_QNNPACK -DUSE_XNNPACK -DSYMBOLICATE_MOBILE_DEBUG_HANDLE -O2 -fPIC -Wall -Wextra -Werror=return-type -Werror=non-virtual-dtor -Werror=bool-operation -Wnarrowing -Wno-missing-field-initializers -Wno-type-limits -Wno-array-bounds -Wno-unknown-pragmas -Wno-unused-parameter -Wno-unused-function -Wno-unused-result -Wno-strict-overflow -Wno-strict-aliasing -Wno-stringop-overflow -Wsuggest-override -Wno-psabi -Wno-error=pedantic -Wno-error=old-style-cast -Wno-missing-braces -fdiagnostics-color=always -faligned-new -Wno-unused-but-set-variable -Wno-maybe-uninitialized -fno-math-errno -fno-trapping-math -Werror=format -Wno-stringop-overflow, LAPACK_INFO=mkl, PERF_WITH_AVX=1, PERF_WITH_AVX2=1, PERF_WITH_AVX512=1, TORCH_VERSION=2.4.0, USE_CUDA=ON, USE_CUDNN=ON, USE_CUSPARSELT=1, USE_EXCEPTION_PTR=1, USE_GFLAGS=OFF, USE_GLOG=OFF, USE_GLOO=ON, USE_MKL=ON, USE_MKLDNN=ON, USE_MPI=OFF, USE_NCCL=1, USE_NNPACK=ON, USE_OPENMP=ON, USE_ROCM=OFF, USE_ROCM_KERNEL_ASSERT=OFF, \n"
  },
  "fleet_name": "d4_generator.py",
  "fleet_sha256": "1aa7652cad924c90f871309f860b9172e836898c5a1620c77fdd3196e70d291d",
  "git": {
    "commit": "cdd541c2ac7038b5cb8c7c6d3f1f6ac1811e4b88",
    "dirty": false,
    "status": []
  },
  "memory_preflight": {
    "device_total_bytes": 85119205376,
    "estimated_fraction": 0.10366543090976706,
    "estimated_peak_bytes": 8823919104
  },
  "oracle_build_seconds": 76.06316637992859,
  "prior_index_to_name": {
    "0": "C",
    "1": "N"
  },
  "raw_name": "calibration_raw.npz",
  "raw_sha256": "95d4492f8740f78df385d37b6afc0b83e90c87ae6c1623575f9680049e2f60ec",
  "reserved_confirmatory_seeds": [
    881003000,
    881003001,
    881003002,
    881013000,
    881013001,
    881013002
  ],
  "schema_version": 1,
  "scientific_endpoints_computed": false,
  "selected_truncation": 8192,
  "source_inventory": {
    "/engrfs/project/class/zhao.b/pfn-dag-e18b/phase1_verify/qualification-cdd541c/source/PHASE1_ORDERING_PREREG.md": "1a9e26d0fb5f91088b3e29de1daa23911fc64b28809ff5278d528336d31fff97",
    "/engrfs/project/class/zhao.b/pfn-dag-e18b/phase1_verify/qualification-cdd541c/source/artifacts/phase1/d4_generator.py": "1aa7652cad924c90f871309f860b9172e836898c5a1620c77fdd3196e70d291d",
    "/engrfs/project/class/zhao.b/pfn-dag-e18b/phase1_verify/qualification-cdd541c/source/cluster/phase1_calibration.sbatch": "ab7d5f5d7b324022f6992d3452df4aefadd3a30de48e761aa9963a7365f7aec8",
    "/engrfs/project/class/zhao.b/pfn-dag-e18b/phase1_verify/qualification-cdd541c/source/config/phase1_ordering_qualification_bank1.json": "4e9d47a9a29551a4fe9fe842df6eee48b4c0278650703fe6784fc4f84fd99662",
    "/engrfs/project/class/zhao.b/pfn-dag-e18b/phase1_verify/qualification-cdd541c/source/environment/phase1-washu-binary-inventory.json": "1639a50198879f977d5715d9e6a29c8655a1d4b37c0e8c11af12160f606e60bf",
    "/engrfs/project/class/zhao.b/pfn-dag-e18b/phase1_verify/qualification-cdd541c/source/environment/phase1-washu-requirements-lock.txt": "c451620bcd8c88376bb0035519d7b1b3ce4c91437c7e6f9e7cc8c5e351cf00e0",
    "/engrfs/project/class/zhao.b/pfn-dag-e18b/phase1_verify/qualification-cdd541c/source/environment/phase1-washu-runtime.json": "7f65b8153deda4002b50665789b2a8523903f52bc8e7c8346668442b69799d4e",
    "/engrfs/project/class/zhao.b/pfn-dag-e18b/phase1_verify/qualification-cdd541c/source/src/pfn_dag_verify/phase1_ordering.py": "48bfedc04261b121d6a455cc8defba7281278578bc76ccb6a14ce2899afb2953",
    "/engrfs/project/class/zhao.b/pfn-dag-e18b/phase1_verify/qualification-cdd541c/source/src/pfn_dag_verify/storage.py": "18c8cd094c50a71a9f55d85bc49c83fd6d002092a52f50c4849a9a4e5e10ce0c"
  },
  "stage": "phase1_ordering_cross_bank_qualification",
  "truncation_levels": [
    8192,
    16384,
    32768
  ],
  "wall_seconds": 693.4816989898682
}
